###############################################################################
#                                                                             #
# IAR ELF Linker V5.40.5.51622/W32 for ARM              19/Nov/2013  15:21:33 #
# Copyright (C) 2007-2009 IAR Systems AB.                                     #
#                                                                             #
#    Output file  =  D:\13F3300\PROJ\Project\EWARMv5\STM3210E                 #
#                    debug\Exe\STM3210E-EVAL.out                              #
#    Map file     =  D:\13F3300\PROJ\Project\EWARMv5\STM3210E                 #
#                    debug\List\STM3210E-EVAL.map                             #
#    Command line =  "D:\13F3300\PROJ\Project\EWARMv5\STM3210E                #
#                    debug\Obj\core_cm3.o" "D:\13F3300\PROJ\Project\EWARMv5\S #
#                    TM3210E debug\Obj\main.o" "D:\13F3300\PROJ\Project\EWARM #
#                    v5\STM3210E debug\Obj\misc.o"                            #
#                    "D:\13F3300\PROJ\Project\EWARMv5\STM3210E                #
#                    debug\Obj\startup_stm32f10x_hd.o"                        #
#                    "D:\13F3300\PROJ\Project\EWARMv5\STM3210E                #
#                    debug\Obj\stm32_eval.o" "D:\13F3300\PROJ\Project\EWARMv5 #
#                    \STM3210E debug\Obj\stm32f10x_exti.o"                    #
#                    "D:\13F3300\PROJ\Project\EWARMv5\STM3210E                #
#                    debug\Obj\stm32f10x_gpio.o"                              #
#                    "D:\13F3300\PROJ\Project\EWARMv5\STM3210E                #
#                    debug\Obj\stm32f10x_it.o" "D:\13F3300\PROJ\Project\EWARM #
#                    v5\STM3210E debug\Obj\stm32f10x_rcc.o"                   #
#                    "D:\13F3300\PROJ\Project\EWARMv5\STM3210E                #
#                    debug\Obj\stm32f10x_usart.o"                             #
#                    "D:\13F3300\PROJ\Project\EWARMv5\STM3210E                #
#                    debug\Obj\system_stm32f10x.o" -o                         #
#                    "D:\13F3300\PROJ\Project\EWARMv5\STM3210E                #
#                    debug\Exe\STM3210E-EVAL.out" --map                       #
#                    "D:\13F3300\PROJ\Project\EWARMv5\STM3210E                #
#                    debug\List\STM3210E-EVAL.map" --config                   #
#                    D:\13F3300\PROJ\Project\EWARMv5\STM32F10x_FLASH.icf      #
#                    --semihosting --entry __iar_program_start                #
#                                                                             #
#                                                                             #
###############################################################################

*******************************************************************************
*** PLACEMENT SUMMARY
***

"A1":  place at 0x08000000 { ro section .intvec };
"P1":  place in [from 0x08000000 to 0x0807ffff] { ro };
"P2":  place in [from 0x20000000 to 0x2000ffff] {
          rw, block CSTACK, block HEAP };

  Section          Kind        Address   Size  Object
  -------          ----        -------   ----  ------
"A1":                                   0x130
  .intvec          ro code  0x08000000  0x130  startup_stm32f10x_hd.o [1]
                          - 0x08000130  0x130

"P1":                                   0x598
  .text            ro code  0x08000130  0x150  stm32f10x_gpio.o [1]
  .text            ro code  0x08000280  0x150  system_stm32f10x.o [1]
  .text            ro code  0x080003d0   0x84  main.o [1]
  .text            ro code  0x08000454   0x40  stm32f10x_exti.o [1]
  .text            ro code  0x08000494   0x3c  stm32f10x_it.o [1]
  .text            ro code  0x080004d0   0x24  stm32f10x_rcc.o [1]
  .iar.init_table  const    0x080004f4   0x10  - Linker created -
  .text            ro code  0x08000504   0x20  data_init2.o [4]
  .text            ro code  0x08000524   0x1c  startup_stm32f10x_hd.o [1]
  .text            ro code  0x08000540   0x1c  iarwstd.o [5]
  .text            ro code  0x0800055c   0x1a  zero_init2.o [4]
  .text            ro code  0x08000578   0x18  cmain.o [4]
  .text            ro code  0x08000590   0x14  exit.o [5]
  .text            ro code  0x080005a4    0xa  cexit.o [4]
  .text            ro code  0x080005ae    0x6  exit.o [3]
  .text            ro code  0x080005b4    0x4  startup_stm32f10x_hd.o [1]
  .text            ro code  0x080005b8    0x4  startup_stm32f10x_hd.o [1]
  .text            ro code  0x080005bc    0x4  startup_stm32f10x_hd.o [1]
  .text            ro code  0x080005c0    0x4  startup_stm32f10x_hd.o [1]
  .text            ro code  0x080005c4    0x4  startup_stm32f10x_hd.o [1]
  .text            ro code  0x080005c8    0x4  startup_stm32f10x_hd.o [1]
  .text            ro code  0x080005cc    0x4  startup_stm32f10x_hd.o [1]
  .text            ro code  0x080005d0    0x4  startup_stm32f10x_hd.o [1]
  .text            ro code  0x080005d4    0x4  startup_stm32f10x_hd.o [1]
  .text            ro code  0x080005d8    0x4  startup_stm32f10x_hd.o [1]
  .text            ro code  0x080005dc    0x4  startup_stm32f10x_hd.o [1]
  .text            ro code  0x080005e0    0x4  startup_stm32f10x_hd.o [1]
  .text            ro code  0x080005e4    0x4  startup_stm32f10x_hd.o [1]
  .text            ro code  0x080005e8    0x4  startup_stm32f10x_hd.o [1]
  .text            ro code  0x080005ec    0x4  startup_stm32f10x_hd.o [1]
  .text            ro code  0x080005f0    0x4  startup_stm32f10x_hd.o [1]
  .text            ro code  0x080005f4    0x4  startup_stm32f10x_hd.o [1]
  .text            ro code  0x080005f8    0x4  startup_stm32f10x_hd.o [1]
  .text            ro code  0x080005fc    0x4  startup_stm32f10x_hd.o [1]
  .text            ro code  0x08000600    0x4  startup_stm32f10x_hd.o [1]
  .text            ro code  0x08000604    0x4  startup_stm32f10x_hd.o [1]
  .text            ro code  0x08000608    0x4  startup_stm32f10x_hd.o [1]
  .text            ro code  0x0800060c    0x4  startup_stm32f10x_hd.o [1]
  .text            ro code  0x08000610    0x4  startup_stm32f10x_hd.o [1]
  .text            ro code  0x08000614    0x4  startup_stm32f10x_hd.o [1]
  .text            ro code  0x08000618    0x4  startup_stm32f10x_hd.o [1]
  .text            ro code  0x0800061c    0x4  startup_stm32f10x_hd.o [1]
  .text            ro code  0x08000620    0x4  startup_stm32f10x_hd.o [1]
  .text            ro code  0x08000624    0x4  startup_stm32f10x_hd.o [1]
  .text            ro code  0x08000628    0x4  startup_stm32f10x_hd.o [1]
  .text            ro code  0x0800062c    0x4  startup_stm32f10x_hd.o [1]
  .text            ro code  0x08000630    0x4  startup_stm32f10x_hd.o [1]
  .text            ro code  0x08000634    0x4  startup_stm32f10x_hd.o [1]
  .text            ro code  0x08000638    0x4  startup_stm32f10x_hd.o [1]
  .text            ro code  0x0800063c    0x4  startup_stm32f10x_hd.o [1]
  .text            ro code  0x08000640    0x4  startup_stm32f10x_hd.o [1]
  .text            ro code  0x08000644    0x4  startup_stm32f10x_hd.o [1]
  .text            ro code  0x08000648    0x4  startup_stm32f10x_hd.o [1]
  .text            ro code  0x0800064c    0x4  startup_stm32f10x_hd.o [1]
  .text            ro code  0x08000650    0x4  startup_stm32f10x_hd.o [1]
  .text            ro code  0x08000654    0x4  startup_stm32f10x_hd.o [1]
  .text            ro code  0x08000658    0x4  startup_stm32f10x_hd.o [1]
  .text            ro code  0x0800065c    0x4  startup_stm32f10x_hd.o [1]
  .text            ro code  0x08000660    0x4  startup_stm32f10x_hd.o [1]
  .text            ro code  0x08000664    0x4  startup_stm32f10x_hd.o [1]
  .text            ro code  0x08000668    0x4  startup_stm32f10x_hd.o [1]
  .text            ro code  0x0800066c    0x4  startup_stm32f10x_hd.o [1]
  .text            ro code  0x08000670    0x4  startup_stm32f10x_hd.o [1]
  .text            ro code  0x08000674    0x4  startup_stm32f10x_hd.o [1]
  .text            ro code  0x08000678    0x4  startup_stm32f10x_hd.o [1]
  .text            ro code  0x0800067c    0x4  startup_stm32f10x_hd.o [1]
  .text            ro code  0x08000680    0x4  startup_stm32f10x_hd.o [1]
  .text            ro code  0x08000684    0x4  startup_stm32f10x_hd.o [1]
  .text            ro code  0x08000688    0x4  startup_stm32f10x_hd.o [1]
  .text            ro code  0x0800068c    0x4  startup_stm32f10x_hd.o [1]
  .text            ro code  0x08000690    0x4  startup_stm32f10x_hd.o [1]
  .text            ro code  0x08000694    0x4  startup_stm32f10x_hd.o [1]
  .text            ro code  0x08000698    0x4  startup_stm32f10x_hd.o [1]
  .text            ro code  0x0800069c    0x4  startup_stm32f10x_hd.o [1]
  .text            ro code  0x080006a0    0x4  startup_stm32f10x_hd.o [1]
  .text            ro code  0x080006a4    0x4  startup_stm32f10x_hd.o [1]
  .text            ro code  0x080006a8    0x4  startup_stm32f10x_hd.o [1]
  .text            ro code  0x080006ac    0x4  startup_stm32f10x_hd.o [1]
  .text            ro code  0x080006b0    0x4  startup_stm32f10x_hd.o [1]
  .text            ro code  0x080006b4    0x4  startup_stm32f10x_hd.o [1]
  .text            ro code  0x080006b8    0x4  startup_stm32f10x_hd.o [1]
  .text            ro code  0x080006bc    0x4  startup_stm32f10x_hd.o [1]
  .text            ro code  0x080006c0    0x4  startup_stm32f10x_hd.o [1]
  .text            ro code  0x080006c4    0x4  startup_stm32f10x_hd.o [1]
                          - 0x080006c8  0x598

"P2", part 1 of 2:                      0x400
  CSTACK                    0x20000000  0x400  <Block>
    CSTACK         uninit   0x20000000  0x400  <Block tail>
                          - 0x20000400  0x400

"P2", part 2 of 2:                        0x8
  .bss             zero     0x20000400    0x4  main.o [1]
  .bss             zero     0x20000404    0x4  iarwstd.o [5]
                          - 0x20000408    0x8


*******************************************************************************
*** INIT TABLE
***

          Address     Size
          -------     ----
Zero (__iar_zero_init2)
    1 destination range, total size 0x8:
          0x20000400   0x8


*******************************************************************************
*** MODULE SUMMARY
***

    Module                  ro code  ro data  rw data
    ------                  -------  -------  -------
D:\13F3300\PROJ\Project\EWARMv5\STM3210E debug\Obj: [1]
    main.o                      132                 4
    startup_stm32f10x_hd.o      608
    stm32f10x_exti.o             64
    stm32f10x_gpio.o            336
    stm32f10x_it.o               60
    stm32f10x_rcc.o              36
    system_stm32f10x.o          336
    -------------------------------------------------
    Total:                    1 572                 4

command line: [2]
    -------------------------------------------------
    Total:

dl7M_tl_in.a: [3]
    exit.o                        6
    -------------------------------------------------
    Total:                        6

rt7M_tl.a: [4]
    cexit.o                      10
    cmain.o                      24
    data_init2.o                 32
    zero_init2.o                 26
    -------------------------------------------------
    Total:                       92

shb_l.a: [5]
    exit.o                       20
    iarwstd.o                    28                 4
    -------------------------------------------------
    Total:                       48                 4

    Gaps                          2
    Linker created                        16    1 024
-----------------------------------------------------
    Grand Total:              1 720       16    1 032


*******************************************************************************
*** ENTRY LIST
***

Entry                      Address   Size  Type      Object
-----                      -------   ----  ----      ------
ADC1_2_IRQHandler       0x08000621         Code  Wk  startup_stm32f10x_hd.o [1]
ADC3_IRQHandler         0x08000695         Code  Wk  startup_stm32f10x_hd.o [1]
BusFault_Handler        0x0800049b    0x2  Code  Gb  stm32f10x_it.o [1]
CAN1_RX1_IRQHandler     0x0800062d         Code  Wk  startup_stm32f10x_hd.o [1]
CAN1_SCE_IRQHandler     0x08000631         Code  Wk  startup_stm32f10x_hd.o [1]
CSTACK$$Base            0x20000000          --   Gb  - Linker created -
CSTACK$$Limit           0x20000400          --   Gb  - Linker created -
DMA1_Channel1_IRQHandler
                        0x08000605         Code  Wk  startup_stm32f10x_hd.o [1]
DMA1_Channel2_IRQHandler
                        0x08000609         Code  Wk  startup_stm32f10x_hd.o [1]
DMA1_Channel3_IRQHandler
                        0x0800060d         Code  Wk  startup_stm32f10x_hd.o [1]
DMA1_Channel4_IRQHandler
                        0x08000611         Code  Wk  startup_stm32f10x_hd.o [1]
DMA1_Channel5_IRQHandler
                        0x08000615         Code  Wk  startup_stm32f10x_hd.o [1]
DMA1_Channel6_IRQHandler
                        0x08000619         Code  Wk  startup_stm32f10x_hd.o [1]
DMA1_Channel7_IRQHandler
                        0x0800061d         Code  Wk  startup_stm32f10x_hd.o [1]
DMA2_Channel1_IRQHandler
                        0x080006b9         Code  Wk  startup_stm32f10x_hd.o [1]
DMA2_Channel2_IRQHandler
                        0x080006bd         Code  Wk  startup_stm32f10x_hd.o [1]
DMA2_Channel3_IRQHandler
                        0x080006c1         Code  Wk  startup_stm32f10x_hd.o [1]
DMA2_Channel4_5_IRQHandler
                        0x080006c5         Code  Wk  startup_stm32f10x_hd.o [1]
DebugMon_Handler        0x080004a1    0x2  Code  Gb  stm32f10x_it.o [1]
EXTI0_IRQHandler        0x080004a7   0x14  Code  Gb  stm32f10x_it.o [1]
EXTI15_10_IRQHandler    0x080004c5    0xc  Code  Gb  stm32f10x_it.o [1]
EXTI1_IRQHandler        0x080005f5         Code  Wk  startup_stm32f10x_hd.o [1]
EXTI2_IRQHandler        0x080005f9         Code  Wk  startup_stm32f10x_hd.o [1]
EXTI3_IRQHandler        0x080005fd         Code  Wk  startup_stm32f10x_hd.o [1]
EXTI4_IRQHandler        0x08000601         Code  Wk  startup_stm32f10x_hd.o [1]
EXTI9_5_IRQHandler      0x080004bb    0xa  Code  Gb  stm32f10x_it.o [1]
EXTI_ClearITPendingBit  0x08000489    0x6  Code  Gb  stm32f10x_exti.o [1]
EXTI_GetITStatus        0x08000455   0x2c  Code  Gb  stm32f10x_exti.o [1]
FLASH_IRQHandler        0x080005e9         Code  Wk  startup_stm32f10x_hd.o [1]
FSMC_IRQHandler         0x08000699         Code  Wk  startup_stm32f10x_hd.o [1]
GPIO_Init               0x08000131  0x150  Code  Gb  stm32f10x_gpio.o [1]
GPIO_InitStructure      0x20000400    0x4  Data  Gb  main.o [1]
HardFault_Handler       0x08000497    0x2  Code  Gb  stm32f10x_it.o [1]
I2C1_ER_IRQHandler      0x08000659         Code  Wk  startup_stm32f10x_hd.o [1]
I2C1_EV_IRQHandler      0x08000655         Code  Wk  startup_stm32f10x_hd.o [1]
I2C2_ER_IRQHandler      0x08000661         Code  Wk  startup_stm32f10x_hd.o [1]
I2C2_EV_IRQHandler      0x0800065d         Code  Wk  startup_stm32f10x_hd.o [1]
MemManage_Handler       0x08000499    0x2  Code  Gb  stm32f10x_it.o [1]
NMI_Handler             0x08000495    0x2  Code  Gb  stm32f10x_it.o [1]
PVD_IRQHandler          0x080005dd         Code  Wk  startup_stm32f10x_hd.o [1]
PendSV_Handler          0x080004a3    0x2  Code  Gb  stm32f10x_it.o [1]
RCC_APB2PeriphClockCmd  0x080004d1   0x24  Code  Gb  stm32f10x_rcc.o [1]
RCC_IRQHandler          0x080005ed         Code  Wk  startup_stm32f10x_hd.o [1]
RTCAlarm_IRQHandler     0x0800067d         Code  Wk  startup_stm32f10x_hd.o [1]
RTC_IRQHandler          0x080005e5         Code  Wk  startup_stm32f10x_hd.o [1]
Region$$Table$$Base     0x080004f4          --   Gb  - Linker created -
Region$$Table$$Limit    0x08000504          --   Gb  - Linker created -
SDIO_IRQHandler         0x0800069d         Code  Wk  startup_stm32f10x_hd.o [1]
SPI1_IRQHandler         0x08000665         Code  Wk  startup_stm32f10x_hd.o [1]
SPI2_IRQHandler         0x08000669         Code  Wk  startup_stm32f10x_hd.o [1]
SPI3_IRQHandler         0x080006a5         Code  Wk  startup_stm32f10x_hd.o [1]
SVC_Handler             0x0800049f    0x2  Code  Gb  stm32f10x_it.o [1]
SetSysClock             0x080002d9    0x8  Code  Lc  system_stm32f10x.o [1]
SetSysClockTo72         0x080002e1   0xe8  Code  Lc  system_stm32f10x.o [1]
SysTick_Handler         0x080004a5    0x2  Code  Gb  stm32f10x_it.o [1]
SystemInit              0x08000281   0x58  Code  Gb  system_stm32f10x.o [1]
SystemInit_ExtMemCtl    0x08000525         Code  Wk  startup_stm32f10x_hd.o [1]
TAMPER_IRQHandler       0x080005e1         Code  Wk  startup_stm32f10x_hd.o [1]
TIM1_BRK_IRQHandler     0x08000639         Code  Wk  startup_stm32f10x_hd.o [1]
TIM1_CC_IRQHandler      0x08000645         Code  Wk  startup_stm32f10x_hd.o [1]
TIM1_TRG_COM_IRQHandler
                        0x08000641         Code  Wk  startup_stm32f10x_hd.o [1]
TIM1_UP_IRQHandler      0x0800063d         Code  Wk  startup_stm32f10x_hd.o [1]
TIM2_IRQHandler         0x08000649         Code  Wk  startup_stm32f10x_hd.o [1]
TIM3_IRQHandler         0x0800064d         Code  Wk  startup_stm32f10x_hd.o [1]
TIM4_IRQHandler         0x08000651         Code  Wk  startup_stm32f10x_hd.o [1]
TIM5_IRQHandler         0x080006a1         Code  Wk  startup_stm32f10x_hd.o [1]
TIM6_IRQHandler         0x080006b1         Code  Wk  startup_stm32f10x_hd.o [1]
TIM7_IRQHandler         0x080006b5         Code  Wk  startup_stm32f10x_hd.o [1]
TIM8_BRK_IRQHandler     0x08000685         Code  Wk  startup_stm32f10x_hd.o [1]
TIM8_CC_IRQHandler      0x08000691         Code  Wk  startup_stm32f10x_hd.o [1]
TIM8_TRG_COM_IRQHandler
                        0x0800068d         Code  Wk  startup_stm32f10x_hd.o [1]
TIM8_UP_IRQHandler      0x08000689         Code  Wk  startup_stm32f10x_hd.o [1]
UART4_IRQHandler        0x080006a9         Code  Wk  startup_stm32f10x_hd.o [1]
UART5_IRQHandler        0x080006ad         Code  Wk  startup_stm32f10x_hd.o [1]
USART1_IRQHandler       0x0800066d         Code  Wk  startup_stm32f10x_hd.o [1]
USART2_IRQHandler       0x08000671         Code  Wk  startup_stm32f10x_hd.o [1]
USART3_IRQHandler       0x08000675         Code  Wk  startup_stm32f10x_hd.o [1]
USBWakeUp_IRQHandler    0x08000681         Code  Wk  startup_stm32f10x_hd.o [1]
USB_HP_CAN1_TX_IRQHandler
                        0x08000625         Code  Wk  startup_stm32f10x_hd.o [1]
USB_LP_CAN1_RX0_IRQHandler
                        0x08000629         Code  Wk  startup_stm32f10x_hd.o [1]
UsageFault_Handler      0x0800049d    0x2  Code  Gb  stm32f10x_it.o [1]
WWDG_IRQHandler         0x080005d9         Code  Wk  startup_stm32f10x_hd.o [1]
__exit                  0x08000591   0x14  Code  Gb  exit.o [5]
__iar_data_init2        0x08000505   0x20  Code  Gb  data_init2.o [4]
__iar_program_start     0x08000579         Code  Gb  cmain.o [4]
__iar_sh_stdout_close   0x08000541   0x16  Code  Gb  iarwstd.o [5]
__iar_sh_stdout_handle  0x20000404    0x4  Data  Lc  iarwstd.o [5]
__iar_zero_init2        0x0800055d   0x1a  Code  Gb  zero_init2.o [4]
__low_level_init        0x08000527         Code  Gb  startup_stm32f10x_hd.o [1]
__vector_table          0x08000000         Data  Gb  startup_stm32f10x_hd.o [1]
_exit                   0x080005a5         Code  Gb  cexit.o [4]
_main                   0x0800058b         Code  Gb  cmain.o [4]
exit                    0x080005af    0x6  Code  Gb  exit.o [3]
main                    0x080003d1   0x84  Code  Gb  main.o [1]


[1] = D:\13F3300\PROJ\Project\EWARMv5\STM3210E debug\Obj
[2] = command line
[3] = dl7M_tl_in.a
[4] = rt7M_tl.a
[5] = shb_l.a

  1 720 bytes of readonly  code memory
     16 bytes of readonly  data memory
  1 032 bytes of readwrite data memory

Errors: none
Warnings: none
