###############################################################################
#                                                                             #
# IAR ELF Linker V5.40.5.51622/W32 for ARM              22/Apr/2015  15:30:25 #
# Copyright (C) 2007-2009 IAR Systems AB.                                     #
#                                                                             #
#    Output file  =  \\VBOXSVR\Dropbox\HKUST\Elec3300\Project\code\Project\EW #
#                    ARMv5\STM3210E debug\Exe\STM3210E-EVAL.out               #
#    Map file     =  \\VBOXSVR\Dropbox\HKUST\Elec3300\Project\code\Project\EW #
#                    ARMv5\STM3210E debug\List\STM3210E-EVAL.map              #
#    Command line =  "\\VBOXSVR\Dropbox\HKUST\Elec3300\Project\code\Project\E #
#                    WARMv5\STM3210E debug\Obj\bartender.o"                   #
#                    "\\VBOXSVR\Dropbox\HKUST\Elec3300\Project\code\Project\E #
#                    WARMv5\STM3210E debug\Obj\core_cm3.o"                    #
#                    "\\VBOXSVR\Dropbox\HKUST\Elec3300\Project\code\Project\E #
#                    WARMv5\STM3210E debug\Obj\lcd.o"                         #
#                    "\\VBOXSVR\Dropbox\HKUST\Elec3300\Project\code\Project\E #
#                    WARMv5\STM3210E debug\Obj\main.o"                        #
#                    "\\VBOXSVR\Dropbox\HKUST\Elec3300\Project\code\Project\E #
#                    WARMv5\STM3210E debug\Obj\misc.o"                        #
#                    "\\VBOXSVR\Dropbox\HKUST\Elec3300\Project\code\Project\E #
#                    WARMv5\STM3210E debug\Obj\pneu.o"                        #
#                    "\\VBOXSVR\Dropbox\HKUST\Elec3300\Project\code\Project\E #
#                    WARMv5\STM3210E debug\Obj\startup_stm32f10x_hd.o"        #
#                    "\\VBOXSVR\Dropbox\HKUST\Elec3300\Project\code\Project\E #
#                    WARMv5\STM3210E debug\Obj\stm32_eval.o"                  #
#                    "\\VBOXSVR\Dropbox\HKUST\Elec3300\Project\code\Project\E #
#                    WARMv5\STM3210E debug\Obj\stm32f10x_exti.o"              #
#                    "\\VBOXSVR\Dropbox\HKUST\Elec3300\Project\code\Project\E #
#                    WARMv5\STM3210E debug\Obj\stm32f10x_fsmc.o"              #
#                    "\\VBOXSVR\Dropbox\HKUST\Elec3300\Project\code\Project\E #
#                    WARMv5\STM3210E debug\Obj\stm32f10x_gpio.o"              #
#                    "\\VBOXSVR\Dropbox\HKUST\Elec3300\Project\code\Project\E #
#                    WARMv5\STM3210E debug\Obj\stm32f10x_it.o"                #
#                    "\\VBOXSVR\Dropbox\HKUST\Elec3300\Project\code\Project\E #
#                    WARMv5\STM3210E debug\Obj\stm32f10x_rcc.o"               #
#                    "\\VBOXSVR\Dropbox\HKUST\Elec3300\Project\code\Project\E #
#                    WARMv5\STM3210E debug\Obj\stm32f10x_usart.o"             #
#                    "\\VBOXSVR\Dropbox\HKUST\Elec3300\Project\code\Project\E #
#                    WARMv5\STM3210E debug\Obj\system_stm32f10x.o" -o         #
#                    "\\VBOXSVR\Dropbox\HKUST\Elec3300\Project\code\Project\E #
#                    WARMv5\STM3210E debug\Exe\STM3210E-EVAL.out" --map       #
#                    "\\VBOXSVR\Dropbox\HKUST\Elec3300\Project\code\Project\E #
#                    WARMv5\STM3210E debug\List\STM3210E-EVAL.map" --config   #
#                    \\VBOXSVR\Dropbox\HKUST\Elec3300\Project\code\Project\EW #
#                    ARMv5\STM32F10x_FLASH.icf --semihosting --entry          #
#                    __iar_program_start                                      #
#                                                                             #
#                                                                             #
###############################################################################

*******************************************************************************
*** PLACEMENT SUMMARY
***

"A1":  place at 0x08000000 { ro section .intvec };
"P1":  place in [from 0x08000000 to 0x0807ffff] { ro };
"P2":  place in [from 0x20000000 to 0x2000ffff] {
          rw, block CSTACK, block HEAP };

  Section            Kind        Address    Size  Object
  -------            ----        -------    ----  ------
"A1":                                      0x130
  .intvec            ro code  0x08000000   0x130  startup_stm32f10x_hd.o [1]
                            - 0x08000130   0x130

"P1":                                     0x1493
  .text              ro code  0x08000130   0x384  lcd.o [1]
  .text              ro code  0x080004b4   0x274  stm32f10x_gpio.o [1]
  .text              ro code  0x08000728   0x15c  main.o [1]
  .text              ro code  0x08000884   0x150  system_stm32f10x.o [1]
  .text              ro code  0x080009d4   0x114  stm32f10x_fsmc.o [1]
  .text              ro code  0x08000ae8    0xe8  stm32f10x_it.o [1]
  .text              ro code  0x08000bd0    0xd8  stm32f10x_exti.o [1]
  .text              ro code  0x08000ca8    0xa6  bartender.o [1]
  .text              ro code  0x08000d4e    0x94  packbits_init2.o [4]
  .text              ro code  0x08000de4    0x80  misc.o [1]
  .text              ro code  0x08000e64    0x78  pneu.o [1]
  .text              ro code  0x08000edc    0x6c  stm32f10x_rcc.o [1]
  .iar.init_table    const    0x08000f48    0x2c  - Linker created -
  .text              ro code  0x08000f74    0x20  data_init2.o [4]
  .text              ro code  0x08000f94    0x1c  startup_stm32f10x_hd.o [1]
  .text              ro code  0x08000fb0    0x1c  iarwstd.o [5]
  .text              ro code  0x08000fcc    0x1a  zero_init2.o [4]
  .text              ro code  0x08000fe8    0x18  cmain.o [4]
  .text              ro code  0x08001000    0x14  exit.o [5]
  .rodata            const    0x08001014    0x10  bartender.o [1]
  .rodata            const    0x08001024     0xc  bartender.o [1]
  .rodata            const    0x08001030     0xc  bartender.o [1]
  .text              ro code  0x0800103c     0xa  cexit.o [4]
  .rodata            const    0x08001048     0x8  bartender.o [1]
  .rodata            const    0x08001050     0x8  bartender.o [1]
  .text              ro code  0x08001058     0x6  exit.o [3]
  .text              ro code  0x0800105e     0x4  startup_stm32f10x_hd.o [1]
  .text              ro code  0x08001062     0x4  startup_stm32f10x_hd.o [1]
  .text              ro code  0x08001066     0x4  startup_stm32f10x_hd.o [1]
  .text              ro code  0x0800106a     0x4  startup_stm32f10x_hd.o [1]
  .text              ro code  0x0800106e     0x4  startup_stm32f10x_hd.o [1]
  .text              ro code  0x08001072     0x4  startup_stm32f10x_hd.o [1]
  .text              ro code  0x08001076     0x4  startup_stm32f10x_hd.o [1]
  .text              ro code  0x0800107a     0x4  startup_stm32f10x_hd.o [1]
  .text              ro code  0x0800107e     0x4  startup_stm32f10x_hd.o [1]
  .text              ro code  0x08001082     0x4  startup_stm32f10x_hd.o [1]
  .text              ro code  0x08001086     0x4  startup_stm32f10x_hd.o [1]
  .text              ro code  0x0800108a     0x4  startup_stm32f10x_hd.o [1]
  .text              ro code  0x0800108e     0x4  startup_stm32f10x_hd.o [1]
  .text              ro code  0x08001092     0x4  startup_stm32f10x_hd.o [1]
  .text              ro code  0x08001096     0x4  startup_stm32f10x_hd.o [1]
  .text              ro code  0x0800109a     0x4  startup_stm32f10x_hd.o [1]
  .text              ro code  0x0800109e     0x4  startup_stm32f10x_hd.o [1]
  .text              ro code  0x080010a2     0x4  startup_stm32f10x_hd.o [1]
  .text              ro code  0x080010a6     0x4  startup_stm32f10x_hd.o [1]
  .text              ro code  0x080010aa     0x4  startup_stm32f10x_hd.o [1]
  .text              ro code  0x080010ae     0x4  startup_stm32f10x_hd.o [1]
  .text              ro code  0x080010b2     0x4  startup_stm32f10x_hd.o [1]
  .text              ro code  0x080010b6     0x4  startup_stm32f10x_hd.o [1]
  .text              ro code  0x080010ba     0x4  startup_stm32f10x_hd.o [1]
  .text              ro code  0x080010be     0x4  startup_stm32f10x_hd.o [1]
  .text              ro code  0x080010c2     0x4  startup_stm32f10x_hd.o [1]
  .text              ro code  0x080010c6     0x4  startup_stm32f10x_hd.o [1]
  .text              ro code  0x080010ca     0x4  startup_stm32f10x_hd.o [1]
  .text              ro code  0x080010ce     0x4  startup_stm32f10x_hd.o [1]
  .text              ro code  0x080010d2     0x4  startup_stm32f10x_hd.o [1]
  .text              ro code  0x080010d6     0x4  startup_stm32f10x_hd.o [1]
  .text              ro code  0x080010da     0x4  startup_stm32f10x_hd.o [1]
  .text              ro code  0x080010de     0x4  startup_stm32f10x_hd.o [1]
  .text              ro code  0x080010e2     0x4  startup_stm32f10x_hd.o [1]
  .text              ro code  0x080010e6     0x4  startup_stm32f10x_hd.o [1]
  .text              ro code  0x080010ea     0x4  startup_stm32f10x_hd.o [1]
  .text              ro code  0x080010ee     0x4  startup_stm32f10x_hd.o [1]
  .text              ro code  0x080010f2     0x4  startup_stm32f10x_hd.o [1]
  .text              ro code  0x080010f6     0x4  startup_stm32f10x_hd.o [1]
  .text              ro code  0x080010fa     0x4  startup_stm32f10x_hd.o [1]
  .text              ro code  0x080010fe     0x4  startup_stm32f10x_hd.o [1]
  .text              ro code  0x08001102     0x4  startup_stm32f10x_hd.o [1]
  .text              ro code  0x08001106     0x4  startup_stm32f10x_hd.o [1]
  .text              ro code  0x0800110a     0x4  startup_stm32f10x_hd.o [1]
  .text              ro code  0x0800110e     0x4  startup_stm32f10x_hd.o [1]
  .text              ro code  0x08001112     0x4  startup_stm32f10x_hd.o [1]
  .text              ro code  0x08001116     0x4  startup_stm32f10x_hd.o [1]
  .text              ro code  0x0800111a     0x4  startup_stm32f10x_hd.o [1]
  .text              ro code  0x0800111e     0x4  startup_stm32f10x_hd.o [1]
  .text              ro code  0x08001122     0x4  startup_stm32f10x_hd.o [1]
  .text              ro code  0x08001126     0x4  startup_stm32f10x_hd.o [1]
  .text              ro code  0x0800112a     0x4  startup_stm32f10x_hd.o [1]
  .text              ro code  0x0800112e     0x4  startup_stm32f10x_hd.o [1]
  .text              ro code  0x08001132     0x4  startup_stm32f10x_hd.o [1]
  .text              ro code  0x08001136     0x4  startup_stm32f10x_hd.o [1]
  .text              ro code  0x0800113a     0x4  startup_stm32f10x_hd.o [1]
  .text              ro code  0x0800113e     0x4  startup_stm32f10x_hd.o [1]
  .text              ro code  0x08001142     0x4  startup_stm32f10x_hd.o [1]
  .text              ro code  0x08001146     0x4  startup_stm32f10x_hd.o [1]
  .text              ro code  0x0800114a     0x4  startup_stm32f10x_hd.o [1]
  .text              ro code  0x0800114e     0x4  startup_stm32f10x_hd.o [1]
  .text              ro code  0x08001152     0x4  startup_stm32f10x_hd.o [1]
  .text              ro code  0x08001156     0x4  startup_stm32f10x_hd.o [1]
  .text              ro code  0x0800115a     0x4  startup_stm32f10x_hd.o [1]
  .text              ro code  0x0800115e     0x4  startup_stm32f10x_hd.o [1]
  .text              ro code  0x08001162     0x4  startup_stm32f10x_hd.o [1]
  .text              ro code  0x08001166     0x4  startup_stm32f10x_hd.o [1]
  .text              ro code  0x0800116a     0x4  startup_stm32f10x_hd.o [1]
  .text              ro code  0x0800116e     0x4  startup_stm32f10x_hd.o [1]
  Initializer bytes  ro data  0x08001172   0x451  <for P2 s0>
                            - 0x080015c3  0x1493

"P2", part 1 of 3:                         0x400
  CSTACK                      0x20000000   0x400  <Block>
    CSTACK           uninit   0x20000000   0x400  <Block tail>
                            - 0x20000400   0x400

"P2", part 2 of 3:                          0x14
  .bss               zero     0x20000400     0x8  main.o [1]
  .bss               zero     0x20000408     0x4  main.o [1]
  .bss               zero     0x2000040c     0x4  main.o [1]
  .bss               zero     0x20000410     0x4  iarwstd.o [5]
                            - 0x20000414    0x14

"P2", part 3 of 3:                         0x800
  P2 s0                       0x20000414   0x800  <Init block>
    .data            inited   0x20000414   0x800  lcd.o [1]
                            - 0x20000c14   0x800


*******************************************************************************
*** INIT TABLE
***

          Address     Size
          -------     ----
Zero (__iar_zero_init2)
    1 destination range, total size 0x14:
          0x20000400   0x14

Copy/packbits (__iar_packbits_init2)
    1 source range, total size 0x451 (53% of destination):
          0x08001172  0x451
    1 destination range, total size 0x800:
          0x20000414  0x800


*******************************************************************************
*** MODULE SUMMARY
***

    Module                  ro code  ro data  rw data
    ------                  -------  -------  -------
\\VBOXSVR\Dropbox\HKUST\Elec3300\Project\code\Project\EWARMv5\STM3210E debug\Obj: [1]
    bartender.o                 166       56
    lcd.o                       900    1 105    2 048
    main.o                      348                16
    misc.o                      128
    pneu.o                      120
    startup_stm32f10x_hd.o      608
    stm32f10x_exti.o            216
    stm32f10x_fsmc.o            276
    stm32f10x_gpio.o            628
    stm32f10x_it.o              232
    stm32f10x_rcc.o             108
    system_stm32f10x.o          336
    -------------------------------------------------
    Total:                    4 066    1 161    2 064

command line: [2]
    -------------------------------------------------
    Total:

dl7M_tl_in.a: [3]
    exit.o                        6
    -------------------------------------------------
    Total:                        6

rt7M_tl.a: [4]
    cexit.o                      10
    cmain.o                      24
    data_init2.o                 32
    packbits_init2.o            148
    zero_init2.o                 26
    -------------------------------------------------
    Total:                      240

shb_l.a: [5]
    exit.o                       20
    iarwstd.o                    28                 4
    -------------------------------------------------
    Total:                       48                 4

    Gaps                          4        2
    Linker created                        44    1 024
-----------------------------------------------------
    Grand Total:              4 364    1 207    3 092


*******************************************************************************
*** ENTRY LIST
***

Entry                      Address   Size  Type      Object
-----                      -------   ----  ----      ------
ADC1_2_IRQHandler       0x080010cb         Code  Wk  startup_stm32f10x_hd.o [1]
ADC3_IRQHandler         0x0800113f         Code  Wk  startup_stm32f10x_hd.o [1]
BusFault_Handler        0x08000aef    0x2  Code  Gb  stm32f10x_it.o [1]
CAN1_RX1_IRQHandler     0x080010d7         Code  Wk  startup_stm32f10x_hd.o [1]
CAN1_SCE_IRQHandler     0x080010db         Code  Wk  startup_stm32f10x_hd.o [1]
CSTACK$$Base            0x20000000          --   Gb  - Linker created -
CSTACK$$Limit           0x20000400          --   Gb  - Linker created -
ChineseTable            0x20000414  0x800  Data  Gb  lcd.o [1]
DMA1_Channel1_IRQHandler
                        0x080010af         Code  Wk  startup_stm32f10x_hd.o [1]
DMA1_Channel2_IRQHandler
                        0x080010b3         Code  Wk  startup_stm32f10x_hd.o [1]
DMA1_Channel3_IRQHandler
                        0x080010b7         Code  Wk  startup_stm32f10x_hd.o [1]
DMA1_Channel4_IRQHandler
                        0x080010bb         Code  Wk  startup_stm32f10x_hd.o [1]
DMA1_Channel5_IRQHandler
                        0x080010bf         Code  Wk  startup_stm32f10x_hd.o [1]
DMA1_Channel6_IRQHandler
                        0x080010c3         Code  Wk  startup_stm32f10x_hd.o [1]
DMA1_Channel7_IRQHandler
                        0x080010c7         Code  Wk  startup_stm32f10x_hd.o [1]
DMA2_Channel1_IRQHandler
                        0x08001163         Code  Wk  startup_stm32f10x_hd.o [1]
DMA2_Channel2_IRQHandler
                        0x08001167         Code  Wk  startup_stm32f10x_hd.o [1]
DMA2_Channel3_IRQHandler
                        0x0800116b         Code  Wk  startup_stm32f10x_hd.o [1]
DMA2_Channel4_5_IRQHandler
                        0x0800116f         Code  Wk  startup_stm32f10x_hd.o [1]
DebugMon_Handler        0x08000af5    0x2  Code  Gb  stm32f10x_it.o [1]
EXTI0_IRQHandler        0x08000afb   0x14  Code  Gb  stm32f10x_it.o [1]
EXTI15_10_IRQHandler    0x08000b19   0xb8  Code  Gb  stm32f10x_it.o [1]
EXTI1_IRQHandler        0x0800109f         Code  Wk  startup_stm32f10x_hd.o [1]
EXTI2_IRQHandler        0x080010a3         Code  Wk  startup_stm32f10x_hd.o [1]
EXTI3_IRQHandler        0x080010a7         Code  Wk  startup_stm32f10x_hd.o [1]
EXTI4_IRQHandler        0x080010ab         Code  Wk  startup_stm32f10x_hd.o [1]
EXTI9_5_IRQHandler      0x08000b0f    0xa  Code  Gb  stm32f10x_it.o [1]
EXTI_ClearITPendingBit  0x08000c9d    0x6  Code  Gb  stm32f10x_exti.o [1]
EXTI_GetITStatus        0x08000c69   0x2c  Code  Gb  stm32f10x_exti.o [1]
EXTI_Init               0x08000bd1   0x8a  Code  Gb  stm32f10x_exti.o [1]
EXTI_InitStructure      0x20000400    0x8  Data  Gb  main.o [1]
FLASH_IRQHandler        0x08001093         Code  Wk  startup_stm32f10x_hd.o [1]
FSMC_IRQHandler         0x08001143         Code  Wk  startup_stm32f10x_hd.o [1]
FSMC_NORSRAMCmd         0x08000ab1   0x38  Code  Gb  stm32f10x_fsmc.o [1]
FSMC_NORSRAMInit        0x080009d5   0xd8  Code  Gb  stm32f10x_fsmc.o [1]
GPIO_DeInit             0x080004b5   0xcc  Code  Gb  stm32f10x_gpio.o [1]
GPIO_EXTILineConfig     0x080006d1   0x58  Code  Gb  stm32f10x_gpio.o [1]
GPIO_Init               0x08000581  0x150  Code  Gb  stm32f10x_gpio.o [1]
GPIO_InitStructure      0x20000408    0x4  Data  Gb  main.o [1]
HardFault_Handler       0x08000aeb    0x2  Code  Gb  stm32f10x_it.o [1]
I2C1_ER_IRQHandler      0x08001103         Code  Wk  startup_stm32f10x_hd.o [1]
I2C1_EV_IRQHandler      0x080010ff         Code  Wk  startup_stm32f10x_hd.o [1]
I2C2_ER_IRQHandler      0x0800110b         Code  Wk  startup_stm32f10x_hd.o [1]
I2C2_EV_IRQHandler      0x08001107         Code  Wk  startup_stm32f10x_hd.o [1]
LCD_Clear               0x0800036d   0x60  Code  Gb  lcd.o [1]
LCD_CtrlLinesConfig     0x080003d1   0x78  Code  Gb  lcd.o [1]
LCD_DrawChar            0x08000131   0xc8  Code  Gb  lcd.o [1]
LCD_DrawString          0x080001f9   0x4a  Code  Gb  lcd.o [1]
LCD_FSMCConfig          0x08000449   0x6c  Code  Gb  lcd.o [1]
MemManage_Handler       0x08000aed    0x2  Code  Gb  stm32f10x_it.o [1]
NMI_Handler             0x08000ae9    0x2  Code  Gb  stm32f10x_it.o [1]
NVIC_Init               0x08000de5   0x7c  Code  Gb  misc.o [1]
PVD_IRQHandler          0x08001087         Code  Wk  startup_stm32f10x_hd.o [1]
PendSV_Handler          0x08000af7    0x2  Code  Gb  stm32f10x_it.o [1]
RCC_AHBPeriphClockCmd   0x08000edd   0x24  Code  Gb  stm32f10x_rcc.o [1]
RCC_APB2PeriphClockCmd  0x08000f01   0x24  Code  Gb  stm32f10x_rcc.o [1]
RCC_APB2PeriphResetCmd  0x08000f25   0x24  Code  Gb  stm32f10x_rcc.o [1]
RCC_IRQHandler          0x08001097         Code  Wk  startup_stm32f10x_hd.o [1]
RTCAlarm_IRQHandler     0x08001127         Code  Wk  startup_stm32f10x_hd.o [1]
RTC_IRQHandler          0x0800108f         Code  Wk  startup_stm32f10x_hd.o [1]
Region$$Table$$Base     0x08000f48          --   Gb  - Linker created -
Region$$Table$$Limit    0x08000f74          --   Gb  - Linker created -
SDIO_IRQHandler         0x08001147         Code  Wk  startup_stm32f10x_hd.o [1]
SPI1_IRQHandler         0x0800110f         Code  Wk  startup_stm32f10x_hd.o [1]
SPI2_IRQHandler         0x08001113         Code  Wk  startup_stm32f10x_hd.o [1]
SPI3_IRQHandler         0x0800114f         Code  Wk  startup_stm32f10x_hd.o [1]
STM3210E_LCD_Init       0x08000299   0xd4  Code  Gb  lcd.o [1]
SVC_Handler             0x08000af3    0x2  Code  Gb  stm32f10x_it.o [1]
SetSysClock             0x080008dd    0x8  Code  Lc  system_stm32f10x.o [1]
SetSysClockTo72         0x080008e5   0xe8  Code  Lc  system_stm32f10x.o [1]
SysTick_Handler         0x08000af9    0x2  Code  Gb  stm32f10x_it.o [1]
SystemInit              0x08000885   0x58  Code  Gb  system_stm32f10x.o [1]
SystemInit_ExtMemCtl    0x08000f95         Code  Wk  startup_stm32f10x_hd.o [1]
TAMPER_IRQHandler       0x0800108b         Code  Wk  startup_stm32f10x_hd.o [1]
TIM1_BRK_IRQHandler     0x080010e3         Code  Wk  startup_stm32f10x_hd.o [1]
TIM1_CC_IRQHandler      0x080010ef         Code  Wk  startup_stm32f10x_hd.o [1]
TIM1_TRG_COM_IRQHandler
                        0x080010eb         Code  Wk  startup_stm32f10x_hd.o [1]
TIM1_UP_IRQHandler      0x080010e7         Code  Wk  startup_stm32f10x_hd.o [1]
TIM2_IRQHandler         0x080010f3         Code  Wk  startup_stm32f10x_hd.o [1]
TIM3_IRQHandler         0x080010f7         Code  Wk  startup_stm32f10x_hd.o [1]
TIM4_IRQHandler         0x080010fb         Code  Wk  startup_stm32f10x_hd.o [1]
TIM5_IRQHandler         0x0800114b         Code  Wk  startup_stm32f10x_hd.o [1]
TIM6_IRQHandler         0x0800115b         Code  Wk  startup_stm32f10x_hd.o [1]
TIM7_IRQHandler         0x0800115f         Code  Wk  startup_stm32f10x_hd.o [1]
TIM8_BRK_IRQHandler     0x0800112f         Code  Wk  startup_stm32f10x_hd.o [1]
TIM8_CC_IRQHandler      0x0800113b         Code  Wk  startup_stm32f10x_hd.o [1]
TIM8_TRG_COM_IRQHandler
                        0x08001137         Code  Wk  startup_stm32f10x_hd.o [1]
TIM8_UP_IRQHandler      0x08001133         Code  Wk  startup_stm32f10x_hd.o [1]
UART4_IRQHandler        0x08001153         Code  Wk  startup_stm32f10x_hd.o [1]
UART5_IRQHandler        0x08001157         Code  Wk  startup_stm32f10x_hd.o [1]
USART1_IRQHandler       0x08001117         Code  Wk  startup_stm32f10x_hd.o [1]
USART2_IRQHandler       0x0800111b         Code  Wk  startup_stm32f10x_hd.o [1]
USART3_IRQHandler       0x0800111f         Code  Wk  startup_stm32f10x_hd.o [1]
USBWakeUp_IRQHandler    0x0800112b         Code  Wk  startup_stm32f10x_hd.o [1]
USB_HP_CAN1_TX_IRQHandler
                        0x080010cf         Code  Wk  startup_stm32f10x_hd.o [1]
USB_LP_CAN1_RX0_IRQHandler
                        0x080010d3         Code  Wk  startup_stm32f10x_hd.o [1]
UsageFault_Handler      0x08000af1    0x2  Code  Gb  stm32f10x_it.o [1]
WWDG_IRQHandler         0x08001083         Code  Wk  startup_stm32f10x_hd.o [1]
__exit                  0x08001001   0x14  Code  Gb  exit.o [5]
__iar_data_init2        0x08000f75   0x20  Code  Gb  data_init2.o [4]
__iar_packbits_init2    0x08000d4f   0x94  Code  Gb  packbits_init2.o [4]
__iar_program_start     0x08000fe9         Code  Gb  cmain.o [4]
__iar_sh_stdout_close   0x08000fb1   0x16  Code  Gb  iarwstd.o [5]
__iar_sh_stdout_handle  0x20000410    0x4  Data  Lc  iarwstd.o [5]
__iar_zero_init2        0x08000fcd   0x1a  Code  Gb  zero_init2.o [4]
__low_level_init        0x08000f97         Code  Gb  startup_stm32f10x_hd.o [1]
__vector_table          0x08000000         Data  Gb  startup_stm32f10x_hd.o [1]
_exit                   0x0800103d         Code  Gb  cexit.o [4]
_main                   0x08000ffb         Code  Gb  cmain.o [4]
delay                   0x08000243   0x20  Code  Gb  lcd.o [1]
drink_stat              0x2000040c    0x4  Data  Gb  main.o [1]
enable_joystick         0x08000d39   0x16  Code  Gb  bartender.o [1]
exit                    0x08001059    0x6  Code  Gb  exit.o [3]
fill_glass              0x08000d19   0x20  Code  Gb  bartender.o [1]
init_buttons            0x08000745   0xac  Code  Gb  main.o [1]
init_lcd                0x08000729   0x1c  Code  Gb  main.o [1]
init_valves             0x08000e65   0x78  Code  Gb  pneu.o [1]
main                    0x080007f1   0x8c  Code  Gb  main.o [1]
power_delay             0x0800027d   0x1c  Code  Gb  lcd.o [1]
reset_delay             0x08000263   0x18  Code  Gb  lcd.o [1]
write_lcd               0x08000ca9   0x70  Code  Gb  bartender.o [1]


[1] = \\VBOXSVR\Dropbox\HKUST\Elec3300\Project\code\Project\EWARMv5\STM3210E debug\Obj
[2] = command line
[3] = dl7M_tl_in.a
[4] = rt7M_tl.a
[5] = shb_l.a

  4 364 bytes of readonly  code memory
  1 207 bytes of readonly  data memory
  3 092 bytes of readwrite data memory

Errors: none
Warnings: none
